2026-05-09T08:49:18.776+07:00  INFO 41111 --- [kira-gateway] [main] c.db.kiragateway.KiraGatewayApplication  : Starting KiraGatewayApplication using Java 24.0.1 with PID 41111 (/Users/kira/Desktop/workspace/kira_app/kira-gateway/target/classes started by kira in /Users/kira/Desktop/workspace/kira_app/kira-gateway)
2026-05-09T08:49:18.777+07:00  INFO 41111 --- [kira-gateway] [main] c.db.kiragateway.KiraGatewayApplication  : The following 1 profile is active: "composite"
2026-05-09T08:49:19.223+07:00  INFO 41111 --- [kira-gateway] [main] .s.d.r.c.RepositoryConfigurationDelegate : Bootstrapping Spring Data JDBC repositories in DEFAULT mode.
2026-05-09T08:49:19.235+07:00  INFO 41111 --- [kira-gateway] [main] .s.d.r.c.RepositoryConfigurationDelegate : Finished Spring Data repository scanning in 8 ms. Found 0 JDBC repository interfaces.
2026-05-09T08:49:19.517+07:00  INFO 41111 --- [kira-gateway] [main] o.s.b.w.embedded.tomcat.TomcatWebServer  : Tomcat initialized with port 8888 (http)
2026-05-09T08:49:19.526+07:00  INFO 41111 --- [kira-gateway] [main] o.apache.catalina.core.StandardService   : Starting service [Tomcat]
2026-05-09T08:49:19.526+07:00  INFO 41111 --- [kira-gateway] [main] o.apache.catalina.core.StandardEngine    : Starting Servlet engine: [Apache Tomcat/10.1.44]
2026-05-09T08:49:19.549+07:00  INFO 41111 --- [kira-gateway] [main] o.a.c.c.C.[.[localhost].[/gateway]       : Initializing Spring embedded WebApplicationContext
2026-05-09T08:49:19.549+07:00  INFO 41111 --- [kira-gateway] [main] w.s.c.ServletWebServerApplicationContext : Root WebApplicationContext: initialization completed in 746 ms
2026-05-09T08:49:19.666+07:00  INFO 41111 --- [kira-gateway] [main] com.zaxxer.hikari.HikariDataSource       : HikariPool-1 - Starting...
2026-05-09T08:49:19.898+07:00  INFO 41111 --- [kira-gateway] [main] com.zaxxer.hikari.pool.HikariPool        : HikariPool-1 - Added connection com.mysql.cj.jdbc.ConnectionImpl@76a1146d
2026-05-09T08:49:19.899+07:00  INFO 41111 --- [kira-gateway] [main] com.zaxxer.hikari.HikariDataSource       : HikariPool-1 - Start completed.
2026-05-09T08:49:19.954+07:00  INFO 41111 --- [kira-gateway] [main] com.zaxxer.hikari.HikariDataSource       : HikariPool-2 - Starting...
2026-05-09T08:49:19.979+07:00  INFO 41111 --- [kira-gateway] [main] com.zaxxer.hikari.pool.HikariPool        : HikariPool-2 - Added connection com.mysql.cj.jdbc.ConnectionImpl@2bb0e277
2026-05-09T08:49:19.980+07:00  INFO 41111 --- [kira-gateway] [main] com.zaxxer.hikari.HikariDataSource       : HikariPool-2 - Start completed.
2026-05-09T08:49:20.331+07:00  INFO 41111 --- [kira-gateway] [main] o.s.b.a.e.web.EndpointLinksResolver      : Exposing 2 endpoints beneath base path '/actuator'
2026-05-09T08:49:20.651+07:00  INFO 41111 --- [kira-gateway] [main] .w.s.a.s.AnnotationActionEndpointMapping : Supporting [WS-Addressing August 2004, WS-Addressing 1.0]
2026-05-09T08:49:20.696+07:00  INFO 41111 --- [kira-gateway] [main] o.s.b.w.embedded.tomcat.TomcatWebServer  : Tomcat started on port 8888 (http) with context path '/gateway'
2026-05-09T08:49:20.705+07:00  INFO 41111 --- [kira-gateway] [main] c.db.kiragateway.KiraGatewayApplication  : Started KiraGatewayApplication in 2.161 seconds (process running for 2.309)
2026-05-09T08:53:19.863+07:00  WARN 41111 --- [kira-gateway] [HikariPool-1:housekeeper] com.zaxxer.hikari.pool.HikariPool        : HikariPool-1 - Retrograde clock change detected (housekeeper delta=29s860ms), soft-evicting connections from pool.
2026-05-09T08:53:19.960+07:00  WARN 41111 --- [kira-gateway] [HikariPool-2:housekeeper] com.zaxxer.hikari.pool.HikariPool        : HikariPool-2 - Retrograde clock change detected (housekeeper delta=29s859ms), soft-evicting connections from pool.
2026-05-09T08:56:03.610+07:00  INFO 41111 --- [kira-gateway] [http-nio-8888-exec-1] o.a.c.c.C.[.[localhost].[/gateway]       : Initializing Spring DispatcherServlet 'dispatcherServlet'
2026-05-09T08:56:03.611+07:00  INFO 41111 --- [kira-gateway] [http-nio-8888-exec-1] o.s.web.servlet.DispatcherServlet        : Initializing Servlet 'dispatcherServlet'
2026-05-09T08:56:03.616+07:00  INFO 41111 --- [kira-gateway] [http-nio-8888-exec-1] o.s.web.servlet.DispatcherServlet        : Completed initialization in 5 ms
2026-05-09T09:01:58.109+07:00  INFO 41111 --- [kira-gateway] [SpringApplicationShutdownHook] o.s.b.w.e.tomcat.GracefulShutdown        : Commencing graceful shutdown. Waiting for active requests to complete
2026-05-09T09:01:58.121+07:00  INFO 41111 --- [kira-gateway] [tomcat-shutdown] o.s.b.w.e.tomcat.GracefulShutdown        : Graceful shutdown complete
2026-05-09T09:01:58.130+07:00  INFO 41111 --- [kira-gateway] [SpringApplicationShutdownHook] com.zaxxer.hikari.HikariDataSource       : HikariPool-2 - Shutdown initiated...
2026-05-09T09:01:58.136+07:00  INFO 41111 --- [kira-gateway] [SpringApplicationShutdownHook] com.zaxxer.hikari.HikariDataSource       : HikariPool-2 - Shutdown completed.
2026-05-09T09:01:58.138+07:00  INFO 41111 --- [kira-gateway] [SpringApplicationShutdownHook] com.zaxxer.hikari.HikariDataSource       : HikariPool-1 - Shutdown initiated...
2026-05-09T09:01:58.143+07:00  INFO 41111 --- [kira-gateway] [SpringApplicationShutdownHook] com.zaxxer.hikari.HikariDataSource       : HikariPool-1 - Shutdown completed.
