2026-05-09T09:02:04.093+07:00  INFO 49441 --- [kira-gateway] [main] c.db.kiragateway.KiraGatewayApplication  : Starting KiraGatewayApplication using Java 24.0.1 with PID 49441 (/Users/kira/Desktop/workspace/kira_app/kira-gateway/target/classes started by kira in /Users/kira/Desktop/workspace/kira_app/kira-gateway)
2026-05-09T09:02:04.094+07:00  INFO 49441 --- [kira-gateway] [main] c.db.kiragateway.KiraGatewayApplication  : The following 1 profile is active: "composite"
2026-05-09T09:02:04.541+07:00  INFO 49441 --- [kira-gateway] [main] .s.d.r.c.RepositoryConfigurationDelegate : Bootstrapping Spring Data JDBC repositories in DEFAULT mode.
2026-05-09T09:02:04.553+07:00  INFO 49441 --- [kira-gateway] [main] .s.d.r.c.RepositoryConfigurationDelegate : Finished Spring Data repository scanning in 9 ms. Found 0 JDBC repository interfaces.
2026-05-09T09:02:04.816+07:00  INFO 49441 --- [kira-gateway] [main] o.s.b.w.embedded.tomcat.TomcatWebServer  : Tomcat initialized with port 8888 (http)
2026-05-09T09:02:04.824+07:00  INFO 49441 --- [kira-gateway] [main] o.apache.catalina.core.StandardService   : Starting service [Tomcat]
2026-05-09T09:02:04.825+07:00  INFO 49441 --- [kira-gateway] [main] o.apache.catalina.core.StandardEngine    : Starting Servlet engine: [Apache Tomcat/10.1.44]
2026-05-09T09:02:04.847+07:00  INFO 49441 --- [kira-gateway] [main] o.a.c.c.C.[.[localhost].[/gateway]       : Initializing Spring embedded WebApplicationContext
2026-05-09T09:02:04.848+07:00  INFO 49441 --- [kira-gateway] [main] w.s.c.ServletWebServerApplicationContext : Root WebApplicationContext: initialization completed in 728 ms
2026-05-09T09:02:04.963+07:00  INFO 49441 --- [kira-gateway] [main] com.zaxxer.hikari.HikariDataSource       : HikariPool-1 - Starting...
2026-05-09T09:02:05.201+07:00  INFO 49441 --- [kira-gateway] [main] com.zaxxer.hikari.pool.HikariPool        : HikariPool-1 - Added connection com.mysql.cj.jdbc.ConnectionImpl@76a1146d
2026-05-09T09:02:05.202+07:00  INFO 49441 --- [kira-gateway] [main] com.zaxxer.hikari.HikariDataSource       : HikariPool-1 - Start completed.
2026-05-09T09:02:05.257+07:00  INFO 49441 --- [kira-gateway] [main] com.zaxxer.hikari.HikariDataSource       : HikariPool-2 - Starting...
2026-05-09T09:02:05.277+07:00  INFO 49441 --- [kira-gateway] [main] com.zaxxer.hikari.pool.HikariPool        : HikariPool-2 - Added connection com.mysql.cj.jdbc.ConnectionImpl@5c9a4f3b
2026-05-09T09:02:05.277+07:00  INFO 49441 --- [kira-gateway] [main] com.zaxxer.hikari.HikariDataSource       : HikariPool-2 - Start completed.
2026-05-09T09:02:05.633+07:00  INFO 49441 --- [kira-gateway] [main] o.s.b.a.e.web.EndpointLinksResolver      : Exposing 2 endpoints beneath base path '/actuator'
2026-05-09T09:02:05.952+07:00  INFO 49441 --- [kira-gateway] [main] .w.s.a.s.AnnotationActionEndpointMapping : Supporting [WS-Addressing August 2004, WS-Addressing 1.0]
2026-05-09T09:02:05.997+07:00  INFO 49441 --- [kira-gateway] [main] o.s.b.w.embedded.tomcat.TomcatWebServer  : Tomcat started on port 8888 (http) with context path '/gateway'
2026-05-09T09:02:06.006+07:00  INFO 49441 --- [kira-gateway] [main] c.db.kiragateway.KiraGatewayApplication  : Started KiraGatewayApplication in 2.137 seconds (process running for 2.272)
2026-05-09T09:04:14.247+07:00  INFO 49441 --- [kira-gateway] [http-nio-8888-exec-1] o.a.c.c.C.[.[localhost].[/gateway]       : Initializing Spring DispatcherServlet 'dispatcherServlet'
2026-05-09T09:04:14.247+07:00  INFO 49441 --- [kira-gateway] [http-nio-8888-exec-1] o.s.web.servlet.DispatcherServlet        : Initializing Servlet 'dispatcherServlet'
2026-05-09T09:04:14.252+07:00  INFO 49441 --- [kira-gateway] [http-nio-8888-exec-1] o.s.web.servlet.DispatcherServlet        : Completed initialization in 4 ms
2026-05-09T09:04:33.245+07:00  INFO 49441 --- [kira-gateway] [http-nio-8888-exec-3] com.db.kiragateway.rest.AuthController   : login successful for username=kira
2026-05-09T09:05:27.733+07:00  INFO 49441 --- [kira-gateway] [SpringApplicationShutdownHook] o.s.b.w.e.tomcat.GracefulShutdown        : Commencing graceful shutdown. Waiting for active requests to complete
2026-05-09T09:05:27.742+07:00  INFO 49441 --- [kira-gateway] [tomcat-shutdown] o.s.b.w.e.tomcat.GracefulShutdown        : Graceful shutdown complete
2026-05-09T09:05:27.751+07:00  INFO 49441 --- [kira-gateway] [SpringApplicationShutdownHook] com.zaxxer.hikari.HikariDataSource       : HikariPool-2 - Shutdown initiated...
2026-05-09T09:05:27.756+07:00  INFO 49441 --- [kira-gateway] [SpringApplicationShutdownHook] com.zaxxer.hikari.HikariDataSource       : HikariPool-2 - Shutdown completed.
2026-05-09T09:05:27.757+07:00  INFO 49441 --- [kira-gateway] [SpringApplicationShutdownHook] com.zaxxer.hikari.HikariDataSource       : HikariPool-1 - Shutdown initiated...
2026-05-09T09:05:27.763+07:00  INFO 49441 --- [kira-gateway] [SpringApplicationShutdownHook] com.zaxxer.hikari.HikariDataSource       : HikariPool-1 - Shutdown completed.
